Note that running a local entrypoint in detached mode only keeps the last triggered Modal function alive after the parent process has been killed or disconnected.
✓ Initialized. View run at 
https://modal.com/apps/aceaynon2504/main/ap-UhFENgtqx6aGbx5mOorQSI
✓ Created objects.
├── 🔨 Created mount D:\vizuara-fine-tuning\finetune\train_500m.py
├── 🔨 Created mount PythonPackage:ft_config, PythonPackage:ft_data
└── 🔨 Created function train.
[500m/sft] 15000 examples | dropped 0 | trunc 0
  epoch 0 step 20/2814 loss 14.5118 lr 4.76e-06
  epoch 0 step 40/2814 loss 13.8828 lr 9.52e-06
  epoch 0 step 60/2814 loss 12.7415 lr 1.43e-05
  epoch 0 step 80/2814 loss 11.5382 lr 1.90e-05
  epoch 0 step 100/2814 loss 10.7657 lr 2.00e-05
  epoch 0 step 120/2814 loss 10.5524 lr 2.00e-05
  epoch 0 step 140/2814 loss 10.1675 lr 2.00e-05
  epoch 0 step 160/2814 loss 9.7922 lr 2.00e-05
  epoch 0 step 180/2814 loss 10.2252 lr 1.99e-05
  epoch 0 step 200/2814 loss 10.0983 lr 1.99e-05
  epoch 0 step 220/2814 loss 9.8957 lr 1.99e-05
  epoch 0 step 240/2814 loss 9.8106 lr 1.98e-05
  epoch 0 step 260/2814 loss 10.0814 lr 1.98e-05
  epoch 0 step 280/2814 loss 9.7563 lr 1.97e-05
  epoch 0 step 300/2814 loss 9.9797 lr 1.97e-05
  epoch 0 step 320/2814 loss 9.9261 lr 1.96e-05
  epoch 0 step 340/2814 loss 9.8735 lr 1.96e-05
  epoch 0 step 360/2814 loss 10.0375 lr 1.95e-05
  epoch 0 step 380/2814 loss 10.0199 lr 1.94e-05
  epoch 0 step 400/2814 loss 9.5695 lr 1.93e-05
  epoch 0 step 420/2814 loss 9.7171 lr 1.93e-05
  epoch 0 step 440/2814 loss 9.7372 lr 1.92e-05
  epoch 0 step 460/2814 loss 9.6105 lr 1.91e-05
  epoch 0 step 480/2814 loss 9.4706 lr 1.90e-05
  epoch 0 step 500/2814 loss 9.4983 lr 1.89e-05
  epoch 0 step 520/2814 loss 9.7032 lr 1.88e-05
  epoch 0 step 540/2814 loss 9.4833 lr 1.87e-05
  epoch 0 step 560/2814 loss 9.3654 lr 1.85e-05
  epoch 0 step 580/2814 loss 9.8906 lr 1.84e-05
  epoch 0 step 600/2814 loss 9.3108 lr 1.83e-05
  epoch 0 step 620/2814 loss 9.7694 lr 1.82e-05
  epoch 0 step 640/2814 loss 9.5955 lr 1.80e-05
  epoch 0 step 660/2814 loss 9.4864 lr 1.79e-05
  epoch 0 step 680/2814 loss 9.4974 lr 1.77e-05
  epoch 0 step 700/2814 loss 9.3217 lr 1.76e-05
  epoch 0 step 720/2814 loss 9.0474 lr 1.74e-05
  epoch 0 step 740/2814 loss 9.3337 lr 1.73e-05
  epoch 0 step 760/2814 loss 9.5642 lr 1.71e-05
  epoch 0 step 780/2814 loss 9.1699 lr 1.70e-05
  epoch 0 step 800/2814 loss 9.7478 lr 1.68e-05
  epoch 0 step 820/2814 loss 9.4120 lr 1.66e-05
  epoch 0 step 840/2814 loss 9.4377 lr 1.64e-05
  epoch 0 step 860/2814 loss 9.6852 lr 1.63e-05
  epoch 0 step 880/2814 loss 9.2632 lr 1.61e-05
  epoch 0 step 900/2814 loss 9.2338 lr 1.59e-05
  epoch 0 step 920/2814 loss 9.0124 lr 1.57e-05
  epoch 1 step 940/2814 loss 9.3366 lr 1.55e-05
  epoch 1 step 960/2814 loss 8.9970 lr 1.53e-05
  epoch 1 step 980/2814 loss 8.9878 lr 1.51e-05
  epoch 1 step 1000/2814 loss 9.1712 lr 1.49e-05
  epoch 1 step 1020/2814 loss 9.0497 lr 1.47e-05
  epoch 1 step 1040/2814 loss 8.8029 lr 1.45e-05
  epoch 1 step 1060/2814 loss 9.2522 lr 1.43e-05
  epoch 1 step 1080/2814 loss 8.9095 lr 1.41e-05
  epoch 1 step 1100/2814 loss 8.8696 lr 1.39e-05
  epoch 1 step 1120/2814 loss 8.9853 lr 1.37e-05
  epoch 1 step 1140/2814 loss 8.5945 lr 1.35e-05
  epoch 1 step 1160/2814 loss 8.8143 lr 1.33e-05
  epoch 1 step 1180/2814 loss 8.9007 lr 1.30e-05
  epoch 1 step 1200/2814 loss 8.5820 lr 1.28e-05
  epoch 1 step 1220/2814 loss 8.6217 lr 1.26e-05
  epoch 1 step 1240/2814 loss 8.8456 lr 1.24e-05
  epoch 1 step 1260/2814 loss 9.0295 lr 1.22e-05
  epoch 1 step 1280/2814 loss 8.5114 lr 1.19e-05
  epoch 1 step 1300/2814 loss 9.0035 lr 1.17e-05
  epoch 1 step 1320/2814 loss 8.6722 lr 1.15e-05
  epoch 1 step 1340/2814 loss 9.0230 lr 1.13e-05
  epoch 1 step 1360/2814 loss 8.5282 lr 1.10e-05
  epoch 1 step 1380/2814 loss 8.9619 lr 1.08e-05
  epoch 1 step 1400/2814 loss 8.8991 lr 1.06e-05
  epoch 1 step 1420/2814 loss 8.5720 lr 1.03e-05
  epoch 1 step 1440/2814 loss 8.7371 lr 1.01e-05
  epoch 1 step 1460/2814 loss 8.8507 lr 9.87e-06
  epoch 1 step 1480/2814 loss 8.8180 lr 9.64e-06
  epoch 1 step 1500/2814 loss 8.7643 lr 9.41e-06
  epoch 1 step 1520/2814 loss 8.8678 lr 9.18e-06
  epoch 1 step 1540/2814 loss 8.6581 lr 8.95e-06
  epoch 1 step 1560/2814 loss 9.3463 lr 8.73e-06
  epoch 1 step 1580/2814 loss 9.1585 lr 8.50e-06
  epoch 1 step 1600/2814 loss 8.9590 lr 8.27e-06
  epoch 1 step 1620/2814 loss 8.9527 lr 8.04e-06
  epoch 1 step 1640/2814 loss 8.9131 lr 7.82e-06
  epoch 1 step 1660/2814 loss 8.3994 lr 7.60e-06
  epoch 1 step 1680/2814 loss 9.0120 lr 7.37e-06
  epoch 1 step 1700/2814 loss 9.1944 lr 7.15e-06
  epoch 1 step 1720/2814 loss 8.9560 lr 6.93e-06
  epoch 1 step 1740/2814 loss 8.9525 lr 6.71e-06
  epoch 1 step 1760/2814 loss 8.7934 lr 6.50e-06
  epoch 1 step 1780/2814 loss 8.3396 lr 6.28e-06
  epoch 1 step 1800/2814 loss 8.9162 lr 6.07e-06
  epoch 1 step 1820/2814 loss 8.6839 lr 5.86e-06
  epoch 1 step 1840/2814 loss 8.7604 lr 5.65e-06
  epoch 1 step 1860/2814 loss 8.9651 lr 5.44e-06
  epoch 2 step 1880/2814 loss 8.9441 lr 5.24e-06
  epoch 2 step 1900/2814 loss 8.9155 lr 5.04e-06
  epoch 2 step 1920/2814 loss 8.9248 lr 4.84e-06
  epoch 2 step 1940/2814 loss 8.5764 lr 4.65e-06
  epoch 2 step 1960/2814 loss 8.9965 lr 4.45e-06
  epoch 2 step 1980/2814 loss 8.9110 lr 4.26e-06
  epoch 2 step 2000/2814 loss 8.7187 lr 4.08e-06
  epoch 2 step 2020/2814 loss 8.2808 lr 3.89e-06
  epoch 2 step 2040/2814 loss 8.8100 lr 3.71e-06
  epoch 2 step 2060/2814 loss 8.6088 lr 3.53e-06
  epoch 2 step 2080/2814 loss 8.8206 lr 3.36e-06
  epoch 2 step 2100/2814 loss 8.3819 lr 3.19e-06
  epoch 2 step 2120/2814 loss 9.0265 lr 3.02e-06
  epoch 2 step 2140/2814 loss 8.8987 lr 2.86e-06
  epoch 2 step 2160/2814 loss 8.6040 lr 2.70e-06
  epoch 2 step 2180/2814 loss 8.0902 lr 2.55e-06
  epoch 2 step 2200/2814 loss 8.3837 lr 2.39e-06
  epoch 2 step 2220/2814 loss 8.8672 lr 2.25e-06
  epoch 2 step 2240/2814 loss 8.4077 lr 2.10e-06
  epoch 2 step 2260/2814 loss 8.7339 lr 1.96e-06
  epoch 2 step 2280/2814 loss 8.5559 lr 1.83e-06
  epoch 2 step 2300/2814 loss 8.3252 lr 1.70e-06
  epoch 2 step 2320/2814 loss 8.4973 lr 1.57e-06
  epoch 2 step 2340/2814 loss 8.6029 lr 1.45e-06
  epoch 2 step 2360/2814 loss 8.7245 lr 1.33e-06
  epoch 2 step 2380/2814 loss 8.5616 lr 1.22e-06
  epoch 2 step 2400/2814 loss 8.8369 lr 1.11e-06
  epoch 2 step 2420/2814 loss 8.3763 lr 1.01e-06
  epoch 2 step 2440/2814 loss 9.0226 lr 9.12e-07
  epoch 2 step 2460/2814 loss 8.5345 lr 8.18e-07
  epoch 2 step 2480/2814 loss 9.2157 lr 7.30e-07
  epoch 2 step 2500/2814 loss 8.7942 lr 6.46e-07
  epoch 2 step 2520/2814 loss 8.2832 lr 5.67e-07
  epoch 2 step 2540/2814 loss 8.4023 lr 4.93e-07
  epoch 2 step 2560/2814 loss 8.9639 lr 4.24e-07
  epoch 2 step 2580/2814 loss 8.3379 lr 3.60e-07
  epoch 2 step 2600/2814 loss 8.7011 lr 3.02e-07
  epoch 2 step 2620/2814 loss 8.8416 lr 2.48e-07
  epoch 2 step 2640/2814 loss 8.5859 lr 2.00e-07
  epoch 2 step 2660/2814 loss 9.1683 lr 1.57e-07
  epoch 2 step 2680/2814 loss 8.3560 lr 1.19e-07
  epoch 2 step 2700/2814 loss 8.6953 lr 8.59e-08
  epoch 2 step 2720/2814 loss 9.0159 lr 5.84e-08
  epoch 2 step 2740/2814 loss 8.6540 lr 3.62e-08
  epoch 2 step 2760/2814 loss 8.9403 lr 1.93e-08
  epoch 2 step 2780/2814 loss 8.7561 lr 7.65e-09
  epoch 2 step 2800/2814 loss 8.4869 lr 1.30e-09
{'model': 'slm-500m', 'method': 'sft', 'examples': 15000, 'steps': 2812, 'wall_min': 30.9, 'out': '/data/checkpoints/slm-500m-sft-seed1'}
[500m/sft] saved /data/checkpoints/slm-500m-sft-seed1 | 2812 steps | 30.9 min
✓ App completed. View run at 
https://modal.com/apps/aceaynon2504/main/ap-UhFENgtqx6aGbx5mOorQSI
